// PLACEHOLDER - Run updateGoldenFiles test to generate actual content
// Command: ./gradlew :hkj-processor:test --tests "*updateGoldenFiles*" -DupdateGolden=true
//
// This golden file should contain the generated CustomerLenses class for:
//   record Customer(String id, String name, String email, int loyaltyPoints) {}
//
// Expected content includes:
//   - Lens<Customer, String> id()
//   - Lens<Customer, String> name()
//   - Lens<Customer, String> email()
//   - Lens<Customer, Integer> loyaltyPoints()
//   - withId, withName, withEmail, withLoyaltyPoints convenience methods
