// PLACEHOLDER - Run updateGoldenFiles test to generate actual content
// Command: ./gradlew :hkj-processor:test --tests "*updateGoldenFiles*" -DupdateGolden=true
//
// This golden file should contain the generated ShapePrisms class for:
//   sealed interface Shape permits Circle, Rectangle {}
//   record Circle(double radius) implements Shape {}
//   record Rectangle(double width, double height) implements Shape {}
//
// Expected content includes:
//   - Prism<Shape, Circle> circle()
//   - Prism<Shape, Rectangle> rectangle()
