=== TRAVERSAL USAGE EXAMPLE ===
Original League: League[name=Pro League, teams=[Team[name=Team Alpha, players=[Player[name=Alice, score=100], Player[name=Bob, score=90]]], Team[name=Team Bravo, players=[Player[name=Charlie, score=110], Player[name=Diana, score=120]]]]]
------------------------------------------
--- Scenario 1: Shallow Update with `with*` Helpers ---
After updating one team's name:
League[name=Pro League, teams=[Team[name=Team Omega, players=[Player[name=Alice, score=100], Player[name=Bob, score=90]]], Team[name=Team Bravo, players=[Player[name=Charlie, score=110], Player[name=Diana, score=120]]]]]
------------------------------------------
--- Scenario 2: Bulk Updates with Composed Traversals ---
After adding 5 bonus points to all players:
League[name=Pro League, teams=[Team[name=Team Alpha, players=[Player[name=Alice, score=105], Player[name=Bob, score=95]]], Team[name=Team Bravo, players=[Player[name=Charlie, score=115], Player[name=Diana, score=125]]]]]

--- Scenario 3: Data Extraction ---
All player scores: [100, 90, 110, 120]
Total players: 4
Average score: 105.0

--- Scenario 4: Conditional Updates ---
After conditional bonus (20 points for scores >= 100):
League[name=Pro League, teams=[Team[name=Team Alpha, players=[Player[name=Alice, score=120], Player[name=Bob, score=90]]], Team[name=Team Bravo, players=[Player[name=Charlie, score=130], Player[name=Diana, score=140]]]]]

--- Scenario 5: Multiple Traversals ---
After converting all names to uppercase:
League[name=Pro League, teams=[Team[name=Team Alpha, players=[Player[name=ALICE, score=100], Player[name=BOB, score=90]]], Team[name=Team Bravo, players=[Player[name=CHARLIE, score=110], Player[name=DIANA, score=120]]]]]

--- Scenario 6: Empty Collections ---
Empty league: League[name=Empty League, teams=[]]
Scores from empty league: []
Empty league after update: League[name=Empty League, teams=[]]
------------------------------------------
Original league unchanged: League[name=Pro League, teams=[Team[name=Team Alpha, players=[Player[name=Alice, score=100], Player[name=Bob, score=90]]], Team[name=Team Bravo, players=[Player[name=Charlie, score=110], Player[name=Diana, score=120]]]]]
--- Scenario 7: Traversal.asFold() for Aggregation ---
Total score across all players: 420
Number of players: 4
First score: 100
All scores above 50: true
Any score above 115: true
High scores (>= 110): [110, 120]

--- Scenario 8: Selective Conditional Updates ---
Original league:
  Team Alpha:
    Alice: 150
    Bob: 90
    Charlie: 110
  Team Bravo:
    Diana: 200
    Eve: 80

After selective bonus (only >= 100):
  Team Alpha:
    Alice: 200
    Bob: 90
    Charlie: 160
  Team Bravo:
    Diana: 250
    Eve: 80

--- Scenario 9: Selective Branching Updates ---
Original scores:
  Mixed Team:
    Veteran: 180
    Rookie: 50
    MidLevel: 100
    Expert: 250

After branching bonuses (experts +100, others +20):
  Mixed Team:
    Veteran: 200
    Rookie: 70
    MidLevel: 120
    Expert: 350
