CEO: Jane Smith
CEO Age: 45
CEO Initials: J.S.
CEO Email: jane.smith@techcorp.com
CEO City: London
Company CEO City: London
CEO Age (Optional): Optional[45]
CEO is Experienced: true
Age Count: 1
Employee Names: [John Doe, Alice Johnson, Bob Williams]
Employee Emails: [john.doe@techcorp.com, alice.johnson@techcorp.com, bob.williams@techcorp.com]
Average Employee Age: 31.0
All Employees from UK: true
